C51 COMPILER V9.59.0.0   NIXIE                                                             01/22/2025 09:50:13 PAGE 1   


C51 COMPILER V9.59.0.0, COMPILATION OF MODULE NIXIE
OBJECT MODULE PLACED IN .\Objects\Nixie.obj
COMPILER INVOKED BY: E:\SCM\Keil_v5\C51\BIN\C51.EXE Nixie.c OPTIMIZE(8,SPEED) BROWSE DEBUG OBJECTEXTEND PRINT(.\Listings
                    -\Nixie.lst) TABS(2) OBJECT(.\Objects\Nixie.obj)

line level    source

   1          #include <REGX52.H>
   2          #include "Delay.h"  //包含Delay头文件
   3          
   4          unsigned char Nixie_Buf[9];
   5          
   6          //数码管段码表
   7          unsigned char NixieTable[]={0x3F,0x06,0x5B,0x4F,0x66,0x6D,0x7D,0x07,0x7F,0x6F};
   8          
   9          void Nixie_SetBuf(unsigned char Location,Num)
  10          {
  11   1        Nixie_Buf[Location]=Num;
  12   1      }
  13          
  14          //数码管显示子函数
  15          void Nixie_Scan(unsigned char Location,Number)
  16          {
  17   1        P0=0x00;
  18   1        switch(Location)    //位码输出
  19   1        {
  20   2          case 1:P2_4=1;P2_3=1;P2_2=1;break;
  21   2          case 2:P2_4=1;P2_3=1;P2_2=0;break;
  22   2          case 3:P2_4=1;P2_3=0;P2_2=1;break;
  23   2          case 4:P2_4=1;P2_3=0;P2_2=0;break;
  24   2          case 5:P2_4=0;P2_3=1;P2_2=1;break;
  25   2          case 6:P2_4=0;P2_3=1;P2_2=0;break;
  26   2          case 7:P2_4=0;P2_3=0;P2_2=1;break;
  27   2          case 8:P2_4=0;P2_3=0;P2_2=0;break;
  28   2        }
  29   1        P0=NixieTable[Number];  //段码输出
  30   1      }
  31          
  32          void Nixie_Loop(void)
  33          {
  34   1        static unsigned char i;
  35   1        Nixie_Scan(i,Nixie_Buf[i]);
  36   1        i++;
  37   1        if(i>=9){i=1;}
  38   1      }


MODULE INFORMATION:   STATIC OVERLAYABLE
   CODE SIZE        =    142    ----
   CONSTANT SIZE    =   ----    ----
   XDATA SIZE       =   ----    ----
   PDATA SIZE       =   ----    ----
   DATA SIZE        =     20    ----
   IDATA SIZE       =   ----    ----
   BIT SIZE         =   ----    ----
END OF MODULE INFORMATION.


C51 COMPILATION COMPLETE.  0 WARNING(S),  0 ERROR(S)
