C51 COMPILER V9.59.0.0   MAIN                                                              01/14/2025 23:46:13 PAGE 1   


C51 COMPILER V9.59.0.0, COMPILATION OF MODULE MAIN
OBJECT MODULE PLACED IN .\Objects\main.obj
COMPILER INVOKED BY: E:\SCM\Keil_v5\C51\BIN\C51.EXE main.c OPTIMIZE(8,SPEED) BROWSE DEBUG OBJECTEXTEND PRINT(.\Listings\
                    -main.lst) TABS(2) OBJECT(.\Objects\main.obj)

line level    source

   1          #include <REGX52.H>
   2          #include "Delay.h"
   3          #include "UART.h"
   4          
   5          unsigned char Sec=0;
   6          
   7          void main()
   8          {
   9   1        UART_Init();
  10   1        
  11   1        while(1)
  12   1        {
  13   2      //    UART_SendBtye(Sec);
  14   2      //    Sec++;
  15   2      //    Delay(1000);
  16   2        }
  17   1      }
  18          
  19          void UART_Routine() interrupt 4
  20          {
  21   1        if(RI==1)
  22   1        {
  23   2          P2=SBUF;
  24   2          UART_SendBtye(SBUF);
  25   2          RI=0;
  26   2        }
  27   1      }


MODULE INFORMATION:   STATIC OVERLAYABLE
   CODE SIZE        =     74    ----
   CONSTANT SIZE    =   ----    ----
   XDATA SIZE       =   ----    ----
   PDATA SIZE       =   ----    ----
   DATA SIZE        =      1    ----
   IDATA SIZE       =   ----    ----
   BIT SIZE         =   ----    ----
END OF MODULE INFORMATION.


C51 COMPILATION COMPLETE.  0 WARNING(S),  0 ERROR(S)
